[    0.00000 Iitaliznggrup ssycpuset
[    0.0000] Iitalizngcgup sbss u
[   0000] Initilingcgrop ubs puact[   0.00000] Lnu verson4..0142-geerc uildd@lgw1-amd64-033) (gcc veio 5.4.020160609 (Ubuntu 5.4.0-6ubuntu1~16.04.10) ) #168-Ubuntu SMP Wed Jan 16 21:00:45 UTC 2019 (Ubuntu 4.4.0-142.168-generic 4.4.167)
[    0.000000] Command line: BOOT_IMAGE=/boot/vmlinuz-4.4.0-142-generic root=UUID=60a70de1-0459-4d6a-a263-70386e845313 ro console=tty1 console=ttyS0
[    0.000000] KERNEL supported cpus:
[    0.000000]   Intel GenuineIntel
[    0.000000]   AMD AuthenticAMD
[    0.000000]   Centaur CentaurHauls
[    0.000000] x86/fpu: xstate_offset[2]:  576, xstate_sizes[2]:  256
[    0.000000] x86/fpu: Supporting XSAVE feature 0x01: 'x87 floating point registers'
[    0.000000] x86/fpu: Supporting XSAVE feature 0x02: 'SSE registers'
[    0.000000] x86/fpu: Supporting XSAVE feature 0x04: 'AVX registers'
[    0.000000] x86/fpu: Enabled xstate features 0x7, context size is 832 bytes, using 'standard' ormat.
[    0.000000] e820: BIOS-provided physical RAM map:
[    0.000000] BIOS-e820: [mem 0x0000000000000000-0x00000000000fbff] usable[   0.0000 BS-e80:[mem0x00000000009f0-00000000009fff]eserve
   0000000]BIS-820: [mem 0x000000000000-0x0000000ffff] rerv
[    00000 BIOS-820: [mem 0x00000010000-x000003feffff] uable
[  000000]BI-e820: [mem0x000003fff0000x0000003ffffff] AI ata
[    0.000] IOS-e820: [mem 0x00000000fec00000-0x00000000fec00fff] reserved
[    0.000000] BIOS-e820: [mem 0x00000000fee00000-0x00000000fee00fff] reserved
[    0.000000] BIOS-e820: [mem 0x00000000fffc0000-0x00000000ffffffff] reserved
[    0.000000] NXX (Execute Disable) protection: active
[    0.000000] SMBIOS 2.5 present.
[    0.000000] Hypervisor detected: KVM
[    0.000000] e820: last_pfn = 0x3fff0 max_arch_pfn = 0x400000000
[    0.000000] MTRR: Disabled
[    0.00000] x86/PAT: MTRRs disabled, skiping PAT initialization too.
[    0.000000] CPU MTRRs all blank - virtualized system.
[    0.000000] x86/PAT: Configuration [0-7]: WB  WT  UC- UC  WB  WT  UC- UC  
[    0.000000] found SMP MP-table at [mem 0x0009fff0-0x0009ffff] mapped at [ffff88000009fff0]
[    0.000000] Scanning 1 areas for low memory corruption
[    0.000000] RAMDISK: [mem 0x361ee000-0x370eefff]
[    0.000000] ACPI: Early table checksum verification disabled
[    0.000000] ACPI: RSDP 0x00000000000E000 000024 (v02 VBOX  )
[    0.000000] PI XSD 000000003FF000 003C(v01 VOX  BOXXSDT 00000001 AL 000061)   0.000000]ACI:FAP 0x00000003F00F0 00F4v04 VBO  BOFACP0000 ASL 00061)
[    0.00000] ACPI: DSDT 0x000000003FFF0470 0021FF(v02 VBOX   VBOXBIOS 00000002 INTL 20100528)
[    0.000000] ACPI: FACS 0x000000003FFF0200 000040
[    0.000000] ACPI: FACS 0x000000003FFF0200 000040
[    0.000000] ACPI: APIC 0x000000003FFF0240 00005 (v0 VBOX   VBOXAPIC 00000001 ASL  00000061)
    0.000000] ACPI: SSDT 0x000000003FFF02A0 0001CC (v01 VBOX   VBOXCPUT 00000002 INTL 20100528)
[    0.000000] No NUMA configuration found
[    0.000000] Faking a node at [mem 0x0000000000000000-0x000000003ffeffff]
[    0.000000] NODE_DATA(0) allocated [mem 0x3ffeb000-0x3ffeffff]
[    0.000000] kvm-clock: Using msrs 4b564d01 and 4b564d00
[    0.000000] kvm-clock: cpu 0, msr 0:3ffe3001, primary cpu clock
[    0.000000] kvm-clock: uing sched offset of 3728506493 cycles
[    0.000000 clocksource kvm-clock: mask: 0xffffffffffffffff max_cycles: 0x1cd42e4dffb, max_idle_ns: 881590591483 ns
[    0.000000] Zone range:
[    0.000000]   DMA      [mem 0x0000000000001000-0x0000000000ffffff]
[    0.000000]   DMA32    [mem 0x0000000001000000-0x000000003ffeffff]
[    0.000000]  Normal  ety
[  00000] Device   empty
[    0.000000] Movable zone start for each node
[    0.000000] Early memory node ranges
[    0.000000]   node   0: [mem 0x0000000000001000-0x000000000009efff]
[    0.000000]   node   0: [mem 0x0000000000100000-0x000000003ffeffff]
[    0.000000] Initmem stup od 0mem 0x00000000001000-0x000000003ffeffff]
[    0.000000] ACPI: PM-Timer IO Port: 0x4008
[    0.000000] IOAPIC[0]: apic_id 2, version 32, address 0xfec00000, GSI 0-23
[    0.000000] ACPI: INT_SRC_OVR (bus 0 bus_irq 0 global_irq 2 dfl dfl)
[    0.000000] ACPI: INT_SRC_OVR (bus 0 bus_irq 9 global_irq 9 low level)
[    0.000000] Using ACPI (MADT) for SMP configuration information
[    0.000000] smpboot: Allowing 2 CPUs, 0 hotplug CPUs
[    0.000000] PM: Registered nosave memory: [mem 0x00000000-0x00000fff]
[    0.000000] PM: Registered nosave memory: [mem 0x0009f000-0x0009ffff]
[    0.000000] PM: Registered nosave memory: [mem 0x000a0000-0x000effff]
[    0.000000] PM: Registered nosave memory: [mem 0x000f0000-0x000fffff]
[    0.000000] e820: [mem 0x40000000-0xfebfffff] available for PCI devices
[    0.000000] Booting paravirtualized kernel on KVM
[    0.000000] clocksource: refined-jiffies: mask: 0xffffffff max_cycles: 0xffffffff, max_idle_ns: 7645519600211568 ns
[    0.000000] setup_percpu: NR_CPUS:512 nr_cpumask_bits:512 nr_cpu_ids:2 nr_node_ids:1
[    0.000000] PERCPU: Embedded 34 pages/cpu @ffff88003fc00000 s99480 r8192 d31592 u104856
[    0.000000] uilt 1 zonelists in Node order, mobility grouping on.  Total pages: 257912
[    0.000000] Policy zone: DMA32
[    0.000000] Kernel command line: BOOT_IMAGE=/boot/vmlinuz-4.4.0-142-generic root=UUID=60a70de1-0459-4d6a-a263-70386e845313 ro console=tty1 console=ttyS0
[    0.000000] PID hash table entries: 4096 (order: 3, 32768 bytes)
[    0.000000] Memory: 997168K/1048120K available (8603K kernel code, 1332K rwdata, 4004K rodata, 1484K init, 1316K bss, 50952K reserved, 0K cma-reserved)
[    0.000000] SLUB: HWalign=64, Order=0-3, MinObjects=0, CPUs=2, Nodes=1
[    0.000000] Kernel/User page tables solatin:naled
[   .00000] iercical RCU imlenttion.[   0.000]	Buid-meadjustment ofle fnout t 6
[    .00000] RCretricti Cs from NR_CPUS=512 to nr_cpu_ids=2.
[    0.000000] RC: Adjusting geometry for rcu_fanout_leaf=64, nr_cpu_ids=2
[    0.000000] NR_IRQS:33024 nr_irqs:440 16
[    0.000000] Console: colour VGA+ 80x25
[    0.000000] console [tty1] enabled
[    0.000000] console [ttyS0] enabled
[    0.000000] tsc: Detected 2303.998 MHz processor
[    3.822171] Calibrating delay loop (skipped) preset value.. 4607.99 BogoMIPS (lpj=9215992)
[    3.824595] pid_max: default: 32768 minimum: 301
[    3.826005] ACPI: Core revision 20150930
[    3.827935] ACPI: 2 ACPI AML tables successfully acquired and loaded
[    3.830006] Security Framework initialized
[    3.831389] Yama: becoming mindful.
[    3.832456] AppArmor: AppArmor initialized
[    3.833780] Dentry cche hash table entries: 131072 (order: 8, 1048576 bytes)
[    3.849419] Inode-cache hash table entries: 65536 (order: 7, 524288 bytes)
[    3.851600] Mount-cache hash table entries: 2048 (order: 2, 16384 bytes)
[    3.853612] Mountpoint-cache hash table entries: 2048 (order: 2, 16384 bytes)
[    3.855791] IInitializing cgroup subsys io
[    3.857098] Initializing cgroup subsys memory
[    3.858372] Initializing cgroup subsys devices
[    3.859697] Initializing cgroup subsys freezer
[    3.861121] Initializing cgroup subsys net_cls
[    3.862643] Initializing cgroup subsys perf_event
[    3.864104] Initializing cgroup subsys net_prio
[    3.865492] Initializing cgroup subsys hugetlb
[    3.866792] Initializing cgroup subsys pids
[    3.869151] mce: CPU supports 0 MCE banks
[    3.870325] Last level iTLB entries: 4KB 64, 2MB 8, 4MB 8
[    3.877763] Last level dTLB entries: 4KB 64, 2MB 0, 4MB 0, 1GB 4
[    3.879463] Spectre V2 : Mitigation: Full generic retpoline
[    3.881022] Spectre V2 : Spectre v2 / SpectreRSB mitigation: Filling RSB on context switch
[    3.883529] Speculative Store Bypass: Vulnerable
[    3.887775] Freeing SMP alternatives memory: 32K
[    3.895167] ftrace: allocating 32277 entries in 127 pages
[    3.948837] smpboot: APIC(0) Converting physical 0 to logical package 0
[    3.952098] smpboot: Max logical packages: 1
[    3.953795] x2apic enabled
[    3.955293] Switched APIC routing to physical x2apic.
[    3.957938] ..TIMER: vector=0x30 apic1=0 pin1=2 apic2=-1 pin2=-1
[    4.065218] smpboot: CPU0: Intel(R) Core(TM) i5-8259U CPU @ 2.30GHz (family: 0x6, model: 0x8e, stepping: 0xa)
[    4.068598] Performance Events: unsupported p6 CPU model 142 no PMU driver, software events only.
[    4.083134] KVM setup paravirtual spinlock
[    4.085190] x86: Booting SMP configuration:
[    4.086556] .... node  #0, CPUs:      #1
[    4.088084] kvm-clock: cpu 1, msr 0:3ffe3041, secondary cpu clock
[    4.091504] mce: CPU supports 0 MCE banks
[    4.094638] x86: Booted up 1 node, 2 CPUs
[    4.096106] smpboot: Total of 2 processors activated (9215.99 BogoMIPS)
[    4.099599] devtmpfs: initialized
[    4.102820] evm: security.selinux
[    4.104043] evm: security.SMACK64
[    4.105236] evm: security.SMACK64EXEC
[    4.106474] evm: security.SMACK64TRANSMUTE
[    4.107742] evm: security.SMACK64MMAP
[    4.108920] evm: security.ima
[    4.111108] evm: security.capability
[    4.112679] clocksource: jiffies: mask: 0xffffffff max_cycles: 0xffffffff, max_idle_ns: 7645041785100000 ns
[    4.116839] futex hash table entries: 512 (order: 3, 32768 bytes)
[    4.119873] pinctrl core: initialized pinctrl subsystem
[    4.121705] RTC time: 14:11:41, date: 05/04/19
[    4.123345] NET: Registered protocol family 16
[    4.133108] cpuidle: using governor ladder
[    4.145524] cpuidle: using governor menu
[    4.147045] PCCT header not found.
[    4.148456] ACPI: bus type PCI registered
[    4.149956] acpiphp: ACPI Hot Plug PCI Controller Driver version: 0.5
[    4.152331] PCI: Using configuration type 1 for base access
[    4.166538] ACPI: Added _OSI(Module Device)
[    4.167807] ACPI: Added _OSI(Processor Device)
[    4.169457] ACPI: Added _OSI(3.0 _SCP Extensions)
[    4.171000] ACPI: Added _OSI(Processor Aggregator Device)
[    4.173446] ACPI: Executed 1 blocks of module-level executable AML code
[    4.177594] ACPI: Interpreter enabled
[    4.178833] ACPI: (supports S0 S5)
[    4.179958] ACPI: Using IOAPIC for interrupt routing
[    4.181671] PCI: Using host bridge windows from ACPI; if necessary, use "pci=nocrs" and report a bug
[    4.188773] ACPI: PCI Root Bridge [PCI0] (domain 0000 [bus 00-ff])
[    4.190759] acpi PNP0A03:00: _OSC: OS supports [ASPM ClockPM Segments MSI]
[    4.208552] acpi PNP0A03:00: _OSC: not requesting OS control; OS requires [ExtendedConfig ASPM ClockPM MSI]
[    4.216789] acpi PNP0A03:00: fail to add MMCONFIG information, can't access extended PCI configuration space under this bridge.
[    4.222405] PCI host bridge to bus 0000:00
[    4.226229] pci_bus 0000:00: root bus resource [io  0x0000-0x0cf7 window]
[    4.231268] pci_bus 0000:00: root bus resource [io  0x0d00-0xffff window]
[    4.233624] pci_bus 0000:00: root bus resource [mem 0x000a0000-0x000bffff window]
[    4.236180] pci_bus 0000:00: root bus resource [mem 0x40000000-0xfdffffff window]
[    4.244758] pci_bus 0000:00: root bus resource [bus 00-ff]
[    4.254408] pci 0000:00:01.1: legacy IDE quirk: reg 0x10: [io  0x01f0-0x01f7]
[    4.258828] pci 0000:00:01.1: legacy IDE quirk: reg 0x14: [io  0x03f6]
[    4.260961] pci 0000:00:01.1: legacy IDE quirk: reg 0x18: [io  0x0170-0x0177]
[    4.263074] pci 0000:00:01.1: legacy IDE quirk: reg 0x1c: [io  0x0376]
[    4.281399] pci 0000:00:07.0: quirk: [io  0x4000-0x403f] claimed by PIIX4 ACPI
[    4.283941] pci 0000:00:07.0: quirk: [io  0x4100-0x410f] claimed by PIIX4 SMB
[    4.299973] ACPI: PCI Interrupt Link [LNKA] (IRQs 5 9 10 *11)
[    4.302352] ACPI: PCI Interrupt Link [LNKB] (IRQs 5 9 *10 11)
[    4.304566] ACPI: PCI Interrupt Link [LNKC] (IRQs 5 *9 10 11)
[    4.306803] ACPI: PCI Interrupt Link [LNKD] (IRQs 5 9 10 *11)
[    4.309145] ACPI: Enabled 2 GPEs in block 00 to 07
[    4.312216] vgaarb: setting as boot device: PCI:0000:00:02.0
[    4.314430] vgaarb: device added: PCI:0000:00:02.0,decodes=io+mem,owns=io+mem,locks=none
[    4.331952] vgaarb: loaded
[    4.335735] vgaarb: bridge control possible 0000:00:02.0
[    4.337392] SCSI subsystem initialized
[    4.338526] ACPI: bus type USB registered
[    4.393787] usbcore: registered new interface driver usbfs
[    4.415579] usbcore: registered new interface driver hub
[    4.427903] usbcore: registered new device driver usb
[    4.432430] PCI: Using ACPI for IRQ routing
[    4.434303] NetLabel: Initializing
[    4.435634] NetLabel:  domain hash size = 128
[    4.438142] NetLabel:  protocols = UNLABELED CIPSOv4
[    4.439559] NetLabel:  unlabeled traffic allowed by default
[    4.441536] amd_nb: Cannot enumerate AMD northbridges
[    4.443151] clocksource: Switched to clocksource kvm-clock
[    4.453536] AppArmor: AppArmor Filesystem Enabled
[    4.455103] pnp: PnP ACPI init
[    4.457267] pnp: PnP ACPI: found 3 devices
[    4.49314] clocksource: acpi_pm: mask: 0xffffff max_cycles: 0xffffff, max_idle_ns: 2085701024 ns
[    4.495342] NET: Registered protocol family 2

[    4.496742] TCP established hash table entries: 8192 (order: 4, 65536 bytes)
[    4.498711] TCP bind hash table entries: 8192 (order: 5, 131072 bytes)
[    4.500807] TCP: Hash tables configured (established 8192 bind 8192)
[    4.502828] UDP hash table entries: 512 (order: 2, 16384 bytes)
[    4.504679] UDP-Lite hash table entries: 512 (order: 2, 16384 bytes)
[    4.506449] NET: Registered protocol family 1
[    4.507752] pci 0000:00:00.0: Limiting direct PCI/PCI transfers
[    4.509538] pci 0000:00:01.0: Activating ISA DMA hang workarounds
[    4.511753] Unpacking initramfs...
[    4.739564] Freeing initrd memory: 15364K
[    4.793144] platform rtc_cmos: registered platform RTC device (no PNP device found)
[    4.922005] Scanning for low memory corruption every 60 seconds
[    4.950363] audit: initializing netlink subsys (disabled)
[    5.022765] audit: type=2000 audit(1556979103.918:1): initialized
[    5.088195] Initialise system trusted keyring
[    5.095056] HugeTLB registered 2 MB page size, pre-allocated 0 pages
[    5.181723] zbud: loaded
[    5.224534] VFS: Disk quotas dquot_6.6.0
[    5.271677] VFS: Dquot-cache hash table entries: 512 (order 0, 4096 bytes)
[   5.315994] squafs: version 4.0 (2009/01/31) Phillip Lougher

[    5.392441] fuse init (API version 7.23)
[    5.393943] Key type big_key registered
[    5.395112] Allocating IMA MOK and blacklist keyrings.
[    5.398781] Key type asymmetric registered
[    5.400066] Asymmetric key parser 'x509' registered
[    5.401836] Block layer SCSI generic (bsg) driver version 0.4 loaded (major 249)
[    5.404187] io scheduler noop registered
[    5.405470] io scheduler deadline registered (default)
[    5.408255] io scheduler cfq registered
[    5.409650] pci_hotplug: PCI Hot Plug PCI Core version: 0.5
[    5.411650] pciehp: PCI Express Hot Plug Controller Driver version: 0.4
[    5.414023] ACPI: AC Adapter [AC] (on-line)
[    5.415318] input: Power Button as /devices/LNXSYSTM:00/LNXPWRBN:00/input/input0
[    5.417782] ACPI: Power Button [PWRF]
[    5.419086] input: Sleep Button as /devices/LNXSYSTM:00/LNXSLPBN:00/input/input1
[    5.421576] ACPI: Sleep Button [SLPF]
[    5.423129] GHES: HEST is not enabled!
[    5.424367] ACPI: Battery Slot [BAT0] (battery present)
[    5.426520] Serial: 8250/16550 driver, 32 ports, IRQ sharing enabled
[    5.452809] 00:02: ttyS0 at I/O 0x3f8 (irq = 4, base_baud = 115200) is a 16550A
[    5.5070]Linuagar iteac v10
   585731] tc:Rein T cckoucealbraton 23.474 MHz

[    6.352479] clocksource: tsc: mask: 0xffffffffffffffff max_cycles: 0x213406d0c22, max_idle_ns: 440795264613 ns
[    6.457081] loop: module loaded
[    6.505456] scsi host0: ata_piix
[    6.518191] scsi host1: ata_piix
[    6.519414] ata1: PATA max UDMA/33 cmd 0x1f0 ctl 0x3f6 bmdma 0xd000 irq 14
[    6.521549] ata2: PATA max UDMA/33 cmd 0x170 ctl 0x376 bmdma 0xd008 irq 15
[    6.523692] libphy: Fixed MDIO Bus: probed
[    6.525155] tun: Universal TUN/TAP device driver, 1.6
[    6.526762] tun: (C) 1999-2004 Max Krasnyansky <maxk@qualcomm.com>
[    6.528800] PPP generic driver version 2.4.2
[    6.530157] ehci_hcd: USB 2.0 'Enhanced' Host Controller (EHCI) Driver
[    6.532297] ehci-pci: EHCI PCI platform driver
[    6.533808] ehci-platform: EHCI generic platform driver
[    6.535414] ohci_hcd: USB 1.1 'Open' Host Controller (OHCI) Driver
[    6.537198] ohci-pci: OHCI PCI platform driver
[    6.538462] ohci-platform: OHCI generic platform driver
[    6.539988] uhci_hcd: USB Universal Host Controller Interface driver
[    6.542024] i8042: PNP: PS/2 Controller [PNP0303:PS2K,PNP0f03:PS2M] at 0x60,0x64 irq 1,12
[    6.545032] serio: i8042 KBD port at 0x60,0x64 irq 1
[    6.546620] serio: i8042 AUX port at 0x60,0x64 irq 12
[    6.548208] mousedev: PS/2 mouse device common for all mice
[    6.550212] rtc_cmos rtc_cmos: rtc core: registered rtc_cmos as rtc0
[    6.552369] rtc_cmos rtc_cmos: alarms up to one day, 114 bytes nvram
[    6.554347] input: AT Translated Set 2 keyboard as /devices/platform/i8042/serio0/input/input2
[    6.557010] i2c /dev entries driver
[    6.558229] device-mapper: uevent: version 1.0.3
[    6.559736] device-mapper: ioctl: 4.34.0-ioctl (2015-10-28) initialised: dm-devel@redhat.com
[    6.562409] ledtrig-cpu: registered to indicate activity on CPUs
[    6.564934] NET: Registered protocol family 10
[    6.566431] NET: Registered protocol family 17
[    6.567864] Key type dns_resolver registered
[    6.569790] registered taskstats version 1
[    6.571088] Loading compiled-in X.509 certificates
[    6.573130] Loaded X.509 cert 'Build time autogenerated kernel key: bff73e56bc0efa7435b2a24f5427674623f1be80'
[    6.575975] zswap: loaded using pool lzo/zbud
[    6.580765] Key type trusted registered
[    6.584807] Key type encrypted registered
[    6.585918] AppArmor: AppArmor sha1 policy hashing enabled
[    6.587364] ima: No TPM chip found, activating TPM-bypass!
[    6.588846] ima: Allocated hash algorithm: sha1
[    6.591944] evm: HMAC attrs: 0x1
[    6.593510]   Magic number: 3:394:181
[    6.612211] rtc_cmos rtc_cmos: setting system clock to 2019-05-04 14:11:44 UTC (1556979104)
[    6.682121] BIOS EDD facility v0.16 2004-Jun-25, 0 devices found
[    6.735069] EDD information not available.
[    6.772530] Freeing unused kernel memory: 1484K
[    6.907784] Write protecting the kernel read-only data: 14336k
[    7.036392] Freeing unused kernel memory: 1624K
[    7.127837] Freeing unused kernel memory: 92K
Loading, please wait...
[    7.145292] random: systemd-udevd: uninitialized urandom read (16 bytes read, 3 bits of entropy available)
starting version 229
[    7.145839] random: udevadm: uninitialized urandom read (16 bytes read, 3 bits of entropy available)
[    7.145855] random: udevadm: uninitialized urandom read (16 bytes read, 3 bits of entropy available)
[    7.151923] random: udevadm: uninitialized urandom read (16 bytes read, 3 bits of entropy available)
[    7.151955] random: udevadm: uninitialized urandom read (16 bytes read, 3 bits of entropy available)
[    7.152053] random: udevadm: uninitialized urandom read (16 bytes read, 3 bits of entropy available)
[    7.152088] random: udevadm: uninitialized urandom read (16 bytes read, 3 bits of entropy available)
[    7.152124] random: udevadm: uninitialized urandom read (16 bytes read, 3 bits of entropy available)
[    7.152160] random: udevadm: uninitialized urandom read (16 bytes read, 3 bits of entropy available)
[    7.152193] random: udevadm: uninitialized urandom read (16 bytes read, 3 bits of entropy available)
[    7.697915] Fusion MPT base driver 3.04.20
[    7.699299] Copyright (c) 1999-2008 LSI Corporation
[    7.714781] e1000: Intel(R) PRO/1000 Network Driver - version 7.3.21-k8-NAPI
[    7.718962] e1000: Copyright (c) 1999-2006 Intel Corporation.
[    7.737886] Fusion MPT SPI Host driver 3.04.20
[    7.808935] AVX2 version of gcm_enc/dec engaged.
[    7.898303] AES CTR mode by8 optimization enabled
[    8.031209] input: ImExPS/2 Generic Explorer Mouse as /devices/platform/i8042/serio1/input/input4
[    8.146696] e1000 0000:00:03.0 eth0: (PCI:33MHz:32-bit) 02:a9:46:80:4d:77
[    8.262772] e1000 0000:00:03.0 eth0: Intel(R) PRO/1000 Network Connection
[    8.352903] mptbase: ioc0: Initiating bringup
[    8.403860] e1000 0000:00:03.0 enp0s3: renamed from eth0
[    8.869935] ioc0: LSI53C1030 A0: Capabilities={Initiator}
[    9.981809] scsi host2: ioc0: LSI53C1030 A0, FwRev=00000000h, Ports=1, MaxQ=256, IRQ=20
[   11.160439] scsi 2:0:0:0: Direct-Access     VBOX     HARDDISK         1.0  PQ: 0 ANSI: 5
[   11.455343] scsi target2:0:0: Beginning Domain Validation
[   11.457826] scsi target2:0:0: Domain Validation skipping write tests
[   11.459793] scsi target2:0:0: Ending Domain Validation
[   11.461755] scsi target2:0:0: asynchronous
[   11.463599] scsi 2:0:1:0: Direct-Access     VBOX     HARDDISK         1.0  PQ: 0 ANSI: 5
[   11.466047] scsi target2:0:1: Beginning Domain Validation
[   11.469765] scsi target2:0:1: Domain Validation skipping write tests
[   11.471856] scsi target2:0:1: Ending Domain Validation
[   11.473443] scsi target2:0:1: asynchronous
[   11.482550] sd 2:0:0:0: [sda] 20971520 512-byte logical blocks: (10.7 GB/10.0 GiB)
[   11.482565] sd 2:0:0:0: Attached scsi generic sg0 type 0
[   11.496258] sd 2:0:1:0: [sdb] 20480 512-byte logical blocks: (10.5 MB/10.0 MiB)
[   11.496563] sd 2:0:1:0: Attached scsi generic sg1 type 0
[   11.496631] sd 2:0:1:0: [sdb] Write Protect is off
[   11.496886] sd 2:0:1:0: [sdb] Incomplete mode parameter data
[   11.496903] sd 2:0:1:0: [sdb] Assuming drive cache: write through
[   11.499798] sd 2:0:1:0: [sdb] Attached SCSI disk
[   11.513841] sd 2:0:0:0: [sda] Write Protect is off
[   11.515528] sd 2:0:0:0: [sda] Incomplete mode parameter data
[   11.517156] sd 2:0:0:0: [sda] Assuming drive cache: write through
[   11.522072]  sda: sda1
[   11.524164] sd 2:0:0:0: [sda] Attached SCSI disk
Begin: Loading e[   12.801884] md: linear personality registered for level -1
ssential drivers[   12.865215] md: multipath personality registered for level -4
 ... [   12.985677] md: raid0 personality registered for level 0
[   13.064686] md: raid1 personality registered for level 1
[   13.203229] raid6: sse2x1   gen()  9990 MB/s
[   13.271341] raid6: sse2x1   xor()  7380 MB/s
[   13.339222] raid6: sse2x2   gen()  9936 MB/s
[   13.407395] raid6: sse2x2   xor()  9313 MB/s
[   13.527362] raid6: sse2x4   gen() 16677 MB/s
[   13.647221] raid6: sse2x4   xor() 11668 MB/s
[   13.755156] raid6: avx2x1   gen() 24628 MB/s
[   13.883407] raid6: avx2x2   gen() 28864 MB/s
[   13.971370] raid6: avx2x4   gen() 28654 MB/s
[   14.019616] raid6: using algorithm avx2x2 gen() 28864 MB/s
[   14.087869] raid6: using avx2x2 recovery algorithm
[   14.162014] xor: automatically using best checksumming function:
[   14.255396]    avx       : 27875.000 MB/sec
[   14.301265] async_tx: api initialized (async)
[   14.384368] md: raid6 personality registered for level 6
[   14.410472] md: raid5 personality registered for level 5
[   14.412359] md: raid4 personality registered for level 4
[   14.420719] md: raid10 personality registered for level 10
done.
Begin: Running /scripts/init-premount ... done.
Begin: Mounting root file system ... Begin: Running /scripts/local-top ... done.
Begin: Running /scripts/local-premount ... [   14.457448] Btrfs loaded
Scanning for Btrfs filesystems
done.
Warning: fsck not present, so skipping root file system
[   14.487472] EXT4-fs (sda1): mounted filesystem with ordered data mode. Opts: (null)
done.
Begin: Running /scripts/local-bottom ... done.
Begin: Running /scripts/init-bottom ... done.
[   14.590139] systemd[1]: systemd 229 running in system mode. (+PAM +AUDIT +SELINUX +IMA +APPARMOR +SMACK +SYSVINIT +UTMP +LIBCRYPTSETUP +GCRYPT +GNUTLS +AC +Z -LZ +SECO +LKD LFIL +KMOD -IDN)
[   14.915837] systemd[1]: Detected virtualization oracle.
[   14.974715] systemd[1]: Detected architecture x86-64.

Welcome to [1mUbuntu 16.04.6 LTS[0m!

[  1084865] syted[: Set hostame toubntxeal>.

[   15.587095] systemd[1]: Listening on Journal Audit Socket.
[[0;32m  OK  [0m] Listening on Journal Audit Socket.
[   15.591793] systemd[1]: Started Forward Password Requests to Wall Directory Watch.
[[0;32m  OK  [0m] Started Forward Password Requests to Wall Directory Watch.
[   15.601267] systemd[1]: Reached target System Time Synchronized.
[[0;32m  OK  [0m] Reached target System Time Synchronized.
[   15.630501] systemd[1] Ltein o uv rnl ocke.

[[0;32m  OK  [0m] Listening on udev Kernel Socket.
[  19674] systemd[1]: Listening on Syslog Socket.

[[0;32m  OK  [0m] Listening on Syslog Socket.
[   16.124521] systemd[: Listning n Journal Socket (/dev/log).
[[0;32m  OK  [0m] Listening on Journal Socket (/dev/log).
[  1.316] systmd[1]: Reachedtage Sp.

[[0;32m  OK  [0m] Reached target Swap.
[  16.68608] systemd[1]: Listening on /dev/initctl Compatiblity Named Pipe.

[[0;32m  OK  [0m] Listening on /dev/initctl Compatibility Named Pipe.
[   16.688812] systemd[1]: Reached target Encrypted Volumes.
[[0;32m  OK  [0m] Reached target Encrypted Volumes.
[   16.694718] systemd[1]: Listening on Device-mapper event daemon FIFOs.
[[0;32m  OK  [0m] Listening on Device-mapper event daemon FIFOs.
[   16.699906] systemd[1]: Created slice System Slice.
[[0;32m  OK  [0m] Created slice System Slice.
[   16.704371] systemd[1]: Created slice system-serial\x2dgetty.slice.
[[0;32m  OK  [0m] Created slice system-serial\x2dgetty.slice.
[   16.709230] systemd[1]: Set up automount Arbitrary Executable File Formats File System Automount Point.
[[0;32m  OK  [0m] Set up automount Arbitrary Executab...ats File System Automount Point.
[   16.715676] systemd[1]: Reached target User and Group Name Lookups.
[[0;32m  OK  [0m] Reached target User and Group Name Lookups.
[   16.720794] systemd[1]: Created slice User and Session Slice.
[[0;32m  OK  [0m] Created slice User and Session Slice.
[   16.725122] systemd[1]: Reached target Slices.
[[0;32m  OK  [0m] Reached target Slices.
[   16.728457] systemd[1]: Listening on Journal Socket.
[[0;32m  OK  [0m] Listening on Journal Socket.
[   16.768021] systemd[1]: Starting Set console keymap...
[   16.841286] random: nonblocking pool is initialized
         Starting Set console keymap...
[   16.971770] systemd[1]: Starting Load Kernel Modules...
         [   17.051949] Loading iSCSI transport class v2.0-870.
Starting Load Kernel Modules...[   17.187408] iscsi: registered transport (tcp)

[   17.315547] systemd[1]: Starting Nameserver information manager...
         Starting Nameserver information manager[   17.409801] iscsi: registered transport (iser)
...
[   17.559833] systemd[1]: Starting Journal Service...
         Starting Journal Service...
[   17.649361] systemd[1]: Mounting POSIX Message Queue File System...
         Mounting POSIX Message Queue File System...
[   17.654523] systemd[1]: Mounting Debug File System...
         Mounting Debug File System...
[   17.658124] systemd[1]: Starting Create list of required static device nodes for the current kernel...
         Starting Create list of required st... nodes for the current kernel...
[   17.695890] sytemd1] Listening on LVM2 metadata daemon socket.
[[0;32m  OK  [0m] Listening on LVM2 metadata daemon socket.
[   17.801549] systemd[1]: Started Trigger resolvconf update for networkd DNS.
[[0;32m  OK  [0m] Started Trigger resolvconf update for networkd DNS.
[   17.806638] systemd[1]: Listening on udev Control Socket.
[[0;32m  OK  [0m] Listening on udev Control Socket.
[   17.823490] systemd[1]: Starting Uncomplicated firewall...
         Starting Uncomplicated firewall...
[   17.828131] systemd[1]: Starting Remount Root and Kernel File Systems...
         [   17.833043] EXT4-fs (sda1): re-mounted. Opts: (null)
Starting Remount Root and Kernel File Systems...
[   17.844353] systemd[1]: Starting Monitoring of LVM2 mirrors, snapshots etc. using dmeventd or progress polling...
         Starting Monitoring of LVM2 mirrors... dmeventd or progress polling...
[   17.857292] systemd[1]: Listening on LVM2 poll daemon socket.
[[0;32m  OK  [0m] Listening on LVM2 poll daemon socket.
[   17.862186] systemd[1]: Mounting Huge Pages File System...
         Mounting Huge Pages File System...
[   17.874559] systemd[1]: Mounted Huge Pages File System.
[[0;32m  OK  [0m] Mounted Huge Pages File System.
[   17.878255] systemd[1]: Mounted Debug File System.
[[0;32m  OK  [0m] Mounted Debug File System.
[   17.9039]ysmd[1]:outed POSIX Messge Queue File System.
[[0;32m  OK  [0m] Mounted POSIX Message Queue File System.
[  18.2331 sted[]:StaredJona Srvice.

[[0;32m  OK  [0m] Started Journal Service.
[[0;32m  OK  [0m] Started Set console keymap.
[[0;32m  OK  [0m] Started Load Kernel Modules.
[[0;32m  OK  [0m] Started Create list of required sta...ce nodes for the current kernel.
[[0;32m  OK  [0m] Started Uncomplicated firewall.
[[0;32m  OK  [0m] Started Remount Root and Kernel File Systems.
[[0;32m  OK  [0m] Started Nameserver information manager.
[[0;32m  OK  [0m] Started LVM2 metadata daemon.
         Starting Load/Save Random Seed...
         Starting udev Coldplug all Devices...
         Starting Create Static Device Nodes in /dev...
         Starting Apply Kernel Variables...
         Mounting FUSE Control File System...
         Starting Flush Journal to Persistent Storage...
[[0;32m  OK  [0m] Mounted FUSE Control File System.
[[0;32m  OK  [0m] Started Load/Save Random Seed.
[[0;32m  OK  [0m] Started Monitoring of LVM2 mirrors,...ng dmeventd or progress polling.
[[0;32m  OK  [0m] Started Create Static Device Nodes in /dev.
[[0;32m  OK  [0m] Started Apply Kernel Variables.
[[0;32m  OK  [0m] Started udev Coldplug all Devices.
[[0;32m  OK  [0m] Started Flush Journal to Persistent Storage.
         Starting udev Kernel Device Manager...
[[0;32m  OK  [0m] Reached target Local File Systems (Pre).
[[0;32m  OK  [0m] Reached target Local File Systems.
         Starting Set console font and keymap...
         Starting Initial cloud-init job (pre-networking)...
         Starting LSB: AppArmor initialization...
         Starting Tell Plymouth To Write Out Runtime Data...
         Starting Create Volatile Files and Directories...
[[0;32m  OK  [0m] Started Tell Plymouth To Write Out Runtime Data.
[[0;32m  OK  [0m] Started Create Volatile Files and Directories.
[[0;32m  OK  [0m] Started udev Kernel Device Manager.
[[0;32m  OK  [0m] Started Dispatch Password Requests to Console Directory Watch.
         Starting Update UTMP about System Boot/Shutdown...
[[0;32m  OK  [0m] Started Update UTMP about System Boot/Shutdown.
[[0;32m  OK  [0m] Started LSB: AppArmor initialization.
[[0;32m  OK  [0m] Found device /dev/ttyS0.
[[0;32m  OK  [0m] Listening on Load/Save RF Kill Switch Status /dev/rfkill Watch.
[[0;32m  OK  [0m] Found device 82540EM Gigabit Ethern...r (PRO/1000 MT Desktop Adapter).
[   15.966132] cloud-init[480]: Cloud-init v. 18.5-45-g3554ffe8-0ubuntu1~16.04.1 running 'init-local' at Sat, 04 May 2019 14:11:57 +0000. Up 15.71 seconds.
[[0;32m  OK  [0m] Started Initial cloud-init job (pre-networking).
[[0;32m  OK  [0m] Reached target Network (Pre).
         Starting Raise network interfaces...
[[0;32m  OK  [0m] Started ifup for enp0s3.
[[0;32m  OK  [0m] Started Set console font and keymap.
[[0;32m  OK  [0m] Created slice system-getty.slice.
[[0;32m  OK  [0m] Started Raise network interfaces.
         Starting Initial cloud-init job (metadata service crawler)...
[[0;32m  OK  [0m] Reached target Network.
[   16.831905] cloud-init[975]: Cloud-init v. 18.5-45-g3554ffe8-0ubuntu1~16.04.1 running 'init' at Sat, 04 May 2019 14:11:58 +0000. Up 16.63 seconds.
[   16.920776] cloud-init[975]: ci-info: ++++++++++++++++++++++++++++++++++++++Net device info++++++++++++++++++++++++++++++++++++++
[[   16.921649] cloud-init[975]: ci-info: +--------+------+----------------------------+---------------+--------+-------------------+
[0;32m  OK  [0m] Started Initial cloud-init job (metadata service crawler).
[   16.922491] cloud-init[975]: ci-info: | Device |  Up  |          Address           |      Mask     | Scope  |     Hw-Address    |
[   17.093429] cloud-init[975]: ci-info: +--------+------+----------------------------+---------------+--------+-------------------+
[[   17.094207] cloud-init[975]: ci-info: | enp0s3 | True |         10.0.2.15          | 255.255.255.0 | global | 02:a9:46:80:4d:77 |
[0;32m  OK  [0m] Reached target Network is Online.
[   17.095159] cloud-init[975]: ci-info: | enp0s3 | True | fe80::a9:46ff:fe80:4d77/64 |       .       |  link  | 02:a9:46:80:4d:77 |
[   17.113289] cloud-init[975]: ci-info: |   lo   | True |         127.0.0.1          |   255.0.0.0   |  host  |         .         |
[   17.118535] cloud-init[975]: ci-info: |   lo   | True |          ::1/128           |       .       |  host  |         .         |
[   17.123866] cloud-init[975]: ci-info: +--------+------+----------------------------+---------------+--------+-------------------+
[   17.127647] cloud-init[975]: ci-info: +++++++++++++++++++++++++++Route IPv4 info++++++++++++++++++++++++++++
[   17.131300] cloud-init[975]: ci-info: +-------+-------------+----------+---------------+-----------+-------+
         [   17.132005] cloud-init[975]: ci-info: | Route | Destination | Gateway  |    Genmask    | Interface | Flags |
Starting iSCSI initiator daemon (iscsid)...[   17.134780] cloud-init[975]: ci-info: +-------+-------------+----------+---------------+-----------+-------+

[   17.138318] cloud-init[975]: ci-info: |   0   |   0.0.0.0   | 10.0.2.2 |    0.0.0.0    |   enp0s3  |   UG  |
[   17.141394] cloud-init[975]: ci-info: |   1   |   10.0.2.0  | 0.0.0.0  | 255.255.255.0 |   enp0s3  |   U   |
[   17.141800] cloud-init[975]: ci-info: +-------+-------------+----------+---------------+-----------+-------+
[   17.142279] cloud-init[975]: ci-info: +++++++++++++++++++Route IPv6 info+++++++++++++++++++
[   17.142715] cloud-init[975]: ci-info: +-------+-------------+---------+-----------+-------+
[   17.143230] cloud-init[975]: ci-info: | Route | Destination | Gateway | Interface | Flags |
[   17.143660] cloud-init[975]: ci-info: +-------+-------------+---------+-----------+-------+
[   17.144303] cloud-init[975]: ci-info: |   0   |  fe80::/64  |    ::   |   enp0s3  |   U   |
[[   17.144370] cloud-init[975]: ci-info: |   3   |   ff00::/8  |    ::   |   enp0s3  |   U   |
[0;32m  OK  [0m[   17.162177] cloud-init[975]: ci-info: +-------+-------------+---------+-----------+-------+
] Reached target System Initialization.
[[0;32m  OK  [0m] Started Daily apt download activities.
[[0;32m  OK  [0m] Listening on UUID daemon activation socket.
[[0;32m  OK  [0m] Started Daily apt upgrade and clean activities.
         Starting LXD - unix socket.
[[0;32m  OK  [0m] Listening on ACPID Listen Socket.
         Starting Socket activation for snappy daemon.
[[0;32m  OK  [0m] Listening on D-Bus System Message Bus Socket.
[[0;32m  OK  [0m] Started Daily Cleanup of Temporary Directories.
[[0;32m  OK  [0m] Started ACPI Events Check.
[[0;32m  OK  [0m] Reached target Paths.
[[0;32m  OK  [0m] Reached target Timers.
[[0;32m  OK  [0m] Reached target Cloud-config availability.
[[0;32m  OK  [0m] Listening on LXD - unix socket.
[[0;32m  OK  [0m] Listening on Socket activation for snappy daemon.
[[0;32m  OK  [0m] Started iSCSI initiator daemon (iscsid).
         Starting Login to default iSCSI targets...
[[0;32m  OK  [0m] Reached target Sockets.
[[0;32m  OK  [0m] Reached target Basic System.
[[0;32m  OK  [0m] Started FUSE filesystem for LXC.
[[0;32m  OK  [0m] Started Deferred execution scheduler.
         Starting Virtualbox guest utils...
[[0;32m  OK  [0m] Started D-Bus System Message Bus.
         Starting Accounts Service...
         Starting OpenBSD Secure Shell server...
[[0;32m  OK  [0m] Started ACPI event daemon.
         Starting LSB: Record successful boot for GRUB...
         Starting /etc/rc.local Compatibility...
[[0;32m  OK  [0m] Started Regular background program processing daemon.
         Starting System Logging Service...
         Starting LSB: MD monitoring daemon...
         Starting Login Service...
         Starting Snappy daemon...
         Starting LXD - container startup/shutdown...
[[0;32m  OK  [0m] Started /etc/rc.local Compatibility.
[[0;32m  OK  [0m] Started System Logging Service.
[[0;32m  OK  [0m] Started OpenBSD Secure Shell server.
[[0;32m  OK  [0m] Started Login to default iSCSI targets.
[[0;32m  OK  [0m] Started LSB: Record successful boot for GRUB.
[[0;32m  OK  [0m] Started LSB: MD monitoring daemon.
[[0;32m  OK  [0m] Started Login Service.
[[0;32m  OK  [0m] Started Unattended Upgrades Shutdown.
         Starting Authenticate and Authorize Users to Run Privileged Tasks...
[[0;32m  OK  [0m] Reached target Remote File Systems (Pre).
[[0;32m  OK  [0m] Reached target Remote File Systems.
         Starting LSB: automatic crash report generation...
         Starting LSB: Apache2 web server...
         Starting Permit User Sessions...
         Starting LSB: Set the CPU Frequency Scaling governor to "ondemand"...
         Starting LSB: daemon to balance interrupts for SMP systems...
[[0;32m  OK  [0m] Started LXD - container startup/shutdown.
[[0;32m  OK  [0m] Started Virtualbox guest utils.
[[0;32m  OK  [0m] Started Permit User Sessions.
[[0;32m  OK  [0m] Started Authenticate and Authorize Users to Run Privileged Tasks.
[[0;32m  OK  [0m] Started Accounts Service.
         Starting Terminate Plymouth Boot Screen...
         Starting Hold until boot process finishes up...
[[0;32m  OK  [0m] Started LSB: automatic crash report generation.
[[0;32m  OK  [0m] Started LSB: Set the CPU Frequency Scaling governor to "ondemand".
[[0;32m  OK  [0m] Started LSB: daemon to balance interrupts for SMP systems.
[[0;32m  OK  [0m] Started Terminate Plymouth Boot Screen.
[[0;32m  OK  [0m] Started Hold until boot process finishes up.
[[0;32m  OK  [0m] Started Snappy daemon.
         Starting Wait until snapd is fully seeded...
[[0;32m  OK  [0m] Started Getty on tty1.
         Starting Set console scheme...
[[0;32m  OK  [0m] Started Serial Getty on ttyS0.
[[0;32m  OK  [0m] Reached target Login Prompts.
[[0;32m  OK  [0m] Started Wait until snapd is fully seeded.
[[0;32m  OK  [0m] Started Set console scheme.
         Starting Apply the settings specified in cloud-config...
[   18.565586] cloud-init[1249]: Cloud-init v. 18.5-45-g3554ffe8-0ubuntu1~16.04.1 running 'modules:config' at Sat, 04 May 2019 14:12:00 +0000. Up 18.49 seconds.
[[0;32m  OK  [0m] Started Apply the settings specified in cloud-config.
[[0;32m  OK  [0m] Started LSB: Apache2 web server.
[[0;32m  OK  [0m] Reached target Multi-User System.
         Starting Execute cloud user/final scripts...
[[0;32m  OK  [0m] Reached target Graphical Interface.
         Starting Update UTMP about System Runlevel Changes...
[[0;32m  OK  [0m] Started Update UTMP about System Runlevel Changes.
[   19.625432] cloud-init[1318]: Cloud-init v. 18.5-45-g3554ffe8-0ubuntu1~16.04.1 running 'modules:final' at Sat, 04 May 2019 14:12:01 +0000. Up 19.55 seconds.
[   19.716880] cloud-init[1318]: Cloud-init v. 18.5-45-g3554ffe8-0ubuntu1~16.04.1 finished at Sat, 04 May 2019 14:12:01 +0000. Datasource DataSourceNoCloud [seed=/dev/sdb][dsmode=net].  Up 19.62 seconds
[[0;32m  OK  [0m] Started Execute cloud user/final scripts.
[[0;32m  OK  [0m] Reached target Cloud-init target.

Ubuntu 16.04.6 LTS ubuntu-xenial ttyS0

ubuntu-xenial login: 